[#3]:
  - actionName: send-thing
    appId: example.app
    appName: Example App
    description: Sends a thing
    fullName: example.app/send-thing
    stateful: true
    title: Send thing
  - actionName: list-things
    appId: example.app
    appName: Example App
    description: Lists the things
    fullName: example.app/list-things
    title: List things
  - actionName: create-thing
    appId: example.connector
    appName: Example Connector
    description: Creates a thing
    fullName: example.connector/create-thing
    title: Create thing
