ID,NAME,VENDOR,TYPE,HOST,PORT
DB_INSTANCE_POSTGRES-1A2B3C4D,pg-prod,PostgreSQL,DB_INSTANCE_POSTGRES,pg.example.invalid,5432
DB_INSTANCE_MYSQL-5E6F7A8B,mysql-staging,MySQL,DB_INSTANCE_MYSQL,mysql.example.invalid,3306
DB_INSTANCE_MSSQL-9C0D1E2F,mssql-legacy,MSSQL,DB_INSTANCE_MSSQL,mssql.example.invalid,1433
DB_INSTANCE_MARIADB-3A4B5C6D,mariadb-analytics,MariaDB,DB_INSTANCE_MARIADB,mariadb.example.invalid,3306
