[#2]:
  - appId: example.app
    appName: Example App
    description: Open a thing
    fullName: example.app/view-thing
    intentId: view-thing
    name: View thing
    properties:
      note:
        acceptedKeys[#1]: note
        required: false
        type: ""
      tags:
        acceptedKeys[#1]: tags
        required: false
        schema:
          items:
            type: string
          type[#2]: string,array
        type: string|array
        types[#2]: string,array
      thing:
        acceptedKeys[#2]: dt.entity,thing
        description: The thing to open
        required: true
        schemas:
          dt.entity:
            pattern: "^(?:THING-|WIDGET-)[0-9A-F]{16}$"
            type: string
          thing:
            pattern: "^(?:THING-|WIDGET-)[0-9A-F]{16}$"
            type: string
        type: string
        types[#1]: string
    requiredProps[#1]: thing
  - appId: example.app
    appName: Example App
    deprecated: true
    deprecationMessage: Use view-thing instead
    description: Open a thing (legacy)
    fullName: example.app/view-thing-legacy
    intentId: view-thing-legacy
    properties:
      id:
        acceptedKeys[#1]: id
        format: uuid
        required: true
        schema:
          format: uuid
          type: string
        type: string
        types[#1]: string
      unused:
        acceptedKeys[#0]:
        required: true
        type: ""
    requiredProps[#2]: id,unused
