APP ID        APP           INTENT ID           DESCRIPTION             FULL NAME                       REQUIRED    
example.app   Example App   view-thing          Open a thing            example.app/view-thing          <1 items>   
example.app   Example App   view-thing-legacy   Open a thing (legacy)   example.app/view-thing-legacy   <2 items>   
