[
  {
    "name": "ci-pipeline",
    "tokenId": "a1b2c3d4-e5f6-4a7b-8c9d-000000000001",
    "status": "ACTIVE",
    "expirationDate": "2026-10-01T00:00:00.000Z",
    "scope": "storage:events:read account-idm-read"
  },
  {
    "name": "dev-automation",
    "tokenId": "b2c3d4e5-f6a7-4b8c-9d0e-000000000002",
    "status": "ACTIVE",
    "expirationDate": "2026-12-31T00:00:00.000Z",
    "scope": "account-idm-write"
  },
  {
    "name": "legacy-token",
    "tokenId": "c3d4e5f6-a7b8-4c9d-0e1f-000000000003",
    "status": "REVOKED",
    "expirationDate": "2025-01-01T00:00:00.000Z",
    "scope": "storage:logs:read"
  }
]
