[#5]:
  - operation: GET /widgets
    scope: "widget:widgets:read"
    summary: List all widgets.
  - operation: POST /widgets
    scope: "widget:widgets:write"
    summary: Create a widget.
  - operation: "POST /widgets:search"
    scope: "widget:widgets:read"
    summary: Search widgets.
  - operation: "PUT /widgets/{id}"
    summary: Replace a widget.
  - deprecated: true
    operation: "GET /widgets/{id}/legacy"
    scope: "widget:widgets:read"
    summary: Fetch the legacy representation.
