description: Production Azure monitoring
enabled: true
objectId: azmon-a1b2c3d4
value:
  azure:
    configurationMode: STANDARD
    credentials:
      - connectionId: azure-conn-a1b2c3d4
        description: Main credential
        enabled: true
        servicePrincipalId: ""
        type: CLIENT_SECRET
    deploymentMode: FULL
    deploymentScope: MANAGEMENT_GROUP
    subscriptionFilteringMode: ALL
  description: Production Azure monitoring
  enabled: true
  featureSets:
    - default
    - advanced
  version: "1.0"
version: "1.0"
