alerttemplates:
  - file: alerts/cpu-saturation.json
    name: CPU Saturation
    eventtype: RESOURCE_CONTENTION
    enabled: true
    content: []
  - file: alerts/memory-usage.json
    name: Memory Usage
    eventtype: RESOURCE_CONTENTION
    enabled: false
    content: []
smartscape:
  nodes:
    - nodetype: custom:my_service
      nodeidfieldname: dt.entity.my_service
      description: My Service node
      pipeline: openpipeline/metrics.json
      content: []
  edges:
    - sourcetype: custom:my_service
      edgetype: runs_on
      targettype: HOST
