description: Production GCP monitoring
enabled: true
objectId: gcpmon-a1b2c3d4
value:
  description: Production GCP monitoring
  enabled: true
  featureSets:
    - default
  googleCloud:
    credentials:
      - connectionId: gcp-conn-x1y2z3
        description: Main SA credential
        enabled: true
        serviceAccount: sa-monitor@project-id.iam.gserviceaccount.com
    locationFiltering:
      - us-east1
      - eu-west1
    projectFiltering:
      - my-project-123
    resources:
      - autoDiscoveryEnabled: false
        metrics:
          - metricLabels:
              - response_class
            name: pubsub.googleapis.com/topic/send_request_count
            type: CUSTOM
        resourceType: pubsub_topic
      - autoDiscoveryEnabled: true
        autodiscoveryExcludeMetricType:
          - compute.googleapis.com/instance/disk/*
        resourceType: gce_instance
    smartscapeConfiguration:
      enabled: false
  version: "2.0"
version: "2.0"
