{"ok":false,"result":null,"error":{"code":"parse_error","message":"query failed (PARSE_ERROR): `by` isn't allowed here.","status_code":400,"position":{"line":1,"column":32,"end_line":1,"end_column":33},"snippet":"fetch logs | summarize count() by service.name\n                               ^^","suggestions":["group with the by: parameter, by:{field, …}, not a trailing by keyword: dtctl query 'fetch logs | summarize count(), by:{service.name}'"]}}
