{"ok":true,"result":{"context":"example","generatedAt":"2026-01-02T03:04:05Z","capabilities":["hosts","logs","spans"],"absent":[{"name":"rum","evidence":"no user.events in the data-object catalog"}],"unknown":[{"name":"genai","evidence":"probe failed: scan limit exceeded"}],"entityTypes":{"HOST":12,"K8S_POD":200,"SERVICE":40},"dataObjects":["dt.entity.host","dt.entity.service","logs","spans"],"unfetchable":["metrics"],"buckets":["default_logs","default_spans"],"segments":[{"uid":"seg-1","name":"prod","description":"production workloads"}],"notes":["catalog objects without fetch support: metrics"],"discovery":{"queries":4,"seconds":2.5}},"context":{"verb":"inventory"}}
