candidates[#0]:
dir: services/ledger
environment: abc12345.apps.dynatrace.com
queries[#4]{dataObject,dql,purpose}:
  spans,"fetch spans, from:now()-24h, scanLimitGBytes:5\n| filter in(k8s.workload.name, array(\"checkout\")) or in(service.name, array(\"checkout\"))\n| summarize records = count(), by:{k8s.namespace.name, k8s.workload.name, service.name, dt.entity.service, dt.entity.process_group}\n| sort records desc\n| limit 200",spans by workload or service name
  logs,"fetch logs, from:now()-24h, scanLimitGBytes:5\n| filter in(k8s.workload.name, array(\"checkout\")) or in(service.name, array(\"checkout\"))\n| summarize records = count(), by:{k8s.namespace.name, k8s.workload.name, service.name, dt.entity.service, dt.entity.process_group}\n| sort records desc\n| limit 200",logs by workload or service name
  dt.entity.service,"fetch dt.entity.service, from:now()-24h\n| filter matchesValue(entity.name, \"*checkout*\")\n| fields id, entity.name\n| fieldsAdd nameLength = stringLength(entity.name)\n| sort nameLength asc\n| limit 200",services by entity name
  dt.entity.process_group,"fetch dt.entity.process_group, from:now()-24h\n| filter matchesValue(entity.name, \"*checkout*\")\n| fields id, entity.name\n| fieldsAdd nameLength = stringLength(entity.name)\n| sort nameLength asc\n| limit 200",process groups by entity name
sent[#1]: checkout
unit: services/ledger
verdict: none
verdicts:
  processGroup: none
  service: none
  serviceName: none
  workload: none
