dir: services/checkout/internal
entry:
  name: checkout
  path: services/checkout
  processGroups[#1]: PROCESS_GROUP-FEDCBA9876543210
  serviceNames[#1]: checkout
  services[#1]: SERVICE-0123456789ABCDEF
  workloads[#1]{name,namespace}:
    checkout,payments
environment: abc12345.apps.dynatrace.com
file: .dtctl-repo-scope.yaml
filters:
  logs: "in(dt.entity.process_group, array(\"PROCESS_GROUP-FEDCBA9876543210\")) or service.name == \"checkout\" or (k8s.namespace.name == \"payments\" and k8s.workload.name == \"checkout\")"
  spans: "in(dt.entity.service, array(\"SERVICE-0123456789ABCDEF\")) or service.name == \"checkout\" or (k8s.namespace.name == \"payments\" and k8s.workload.name == \"checkout\")"
hosts[#2]: abc12345.apps.dynatrace.com,stg98765.apps.dynatrace.com
linked: true
others[#1]: ledger
